--- [share] attempt 1/5 (seed=6) ---
=== [share] build env + plan (seed=6) ===
[plan] trees=2 time=0.02s expanded=359
    ...step 0 done
    ...step 10 done
    ...step 20 done
    ...step 30 done
    ...step 40 done
    ...step 50 done
    ...step 60 done
    ...step 70 done
    ...step 80 done
    ...step 90 done
    ...step 100 done
    ...step 110 done
    ...step 120 done
    ...step 130 done
    ...step 140 done
    ...step 150 done
    ...step 160 done
    ...step 170 done
    ...step 180 done
    ...step 190 done
    ...step 200 done
    ...step 210 done
    ...step 220 done
    ...step 230 done
    ...step 240 done
    ...step 250 done
    ...step 260 done
    ...step 270 done
    ...step 280 done
    ...step 290 done
    ...step 300 done
    ...step 310 done
    ...step 320 done
    ...step 330 done
    ...step 340 done
    ...step 350 done
    ...step 360 done
    ...step 370 done
    ...step 380 done
    ...step 390 done
RESULT [share] success=False steps=400
--- [share] attempt 2/5 (seed=7) ---
=== [share] build env + plan (seed=7) ===
[plan] trees=2 time=0.02s expanded=359
    ...step 0 done
    ...step 10 done
    ...step 20 done
    ...step 30 done
    ...step 40 done
    ...step 50 done
    ...step 60 done
    ...step 70 done
    ...step 80 done
    ...step 90 done
    ...step 100 done
    ...step 110 done
    ...step 120 done
    ...step 130 done
    ...step 140 done
    ...step 150 done
    ...step 160 done
    ...step 170 done
    ...step 180 done
    ...step 190 done
    ...step 200 done
    ...step 210 done
    ...step 220 done
    ...step 230 done
    ...step 240 done
    ...step 250 done
    ...step 260 done
    ...step 270 done
    ...step 280 done
    ...step 290 done
    ...step 300 done
    ...step 310 done
    ...step 320 done
    ...step 330 done
    ...step 340 done
    ...step 350 done
    ...step 360 done
    ...step 370 done
    ...step 380 done
    ...step 390 done
RESULT [share] success=False steps=400
--- [share] attempt 3/5 (seed=8) ---
=== [share] build env + plan (seed=8) ===
[plan] trees=2 time=0.02s expanded=256
    ...step 0 done
    ...step 10 done
    ...step 20 done
    ...step 30 done
RESULT [share] success=True steps=31
[share] PASSED on attempt 3/5
--- [no-share] attempt 1/5 (seed=6) ---
=== [no-share] build env + plan (seed=6) ===
[plan] trees=2 time=0.02s expanded=359
    ...step 0 done
    ...step 10 done
    ...step 20 done
    ...step 30 done
    ...step 40 done
    ...step 50 done
    ...step 60 done
    ...step 70 done
    ...step 80 done
    ...step 90 done
    ...step 100 done
    ...step 110 done
    ...step 120 done
    ...step 130 done
    ...step 140 done
    ...step 150 done
    ...step 160 done
    ...step 170 done
    ...step 180 done
    ...step 190 done
    ...step 200 done
    ...step 210 done
    ...step 220 done
    ...step 230 done
    ...step 240 done
    ...step 250 done
    ...step 260 done
    ...step 270 done
    ...step 280 done
    ...step 290 done
    ...step 300 done
    ...step 310 done
    ...step 320 done
    ...step 330 done
    ...step 340 done
    ...step 350 done
    ...step 360 done
    ...step 370 done
    ...step 380 done
    ...step 390 done
RESULT [no-share] success=False steps=400
--- [no-share] attempt 2/5 (seed=7) ---
=== [no-share] build env + plan (seed=7) ===
[plan] trees=2 time=0.02s expanded=359
    ...step 0 done
    ...step 10 done
    ...step 20 done
    ...step 30 done
    ...step 40 done
    ...step 50 done
    ...step 60 done
    ...step 70 done
    ...step 80 done
    ...step 90 done
    ...step 100 done
    ...step 110 done
    ...step 120 done
    ...step 130 done
    ...step 140 done
    ...step 150 done
    ...step 160 done
    ...step 170 done
    ...step 180 done
    ...step 190 done
    ...step 200 done
    ...step 210 done
    ...step 220 done
    ...step 230 done
    ...step 240 done
    ...step 250 done
    ...step 260 done
    ...step 270 done
    ...step 280 done
    ...step 290 done
    ...step 300 done
    ...step 310 done
    ...step 320 done
    ...step 330 done
    ...step 340 done
    ...step 350 done
    ...step 360 done
    ...step 370 done
    ...step 380 done
    ...step 390 done
RESULT [no-share] success=False steps=400
--- [no-share] attempt 3/5 (seed=8) ---
=== [no-share] build env + plan (seed=8) ===
[plan] trees=2 time=0.01s expanded=244
    ...step 0 done
    ...step 10 done
    ...step 20 done
    ...step 30 done
RESULT [no-share] success=True steps=35
[no-share] PASSED on attempt 3/5

SUMMARY shared_success=True isolated_success=True
pygame 2.6.1 (SDL 2.28.4, Python 3.12.11)
Hello from the pygame community. https://www.pygame.org/contribute.html
